******************************************************************************
                  TI ARM Linker PC v20.2.7                     
******************************************************************************
>> Linked Thu Feb 23 10:14:13 2023

OUTPUT FILE NAME:   <LineFollowFSM.out>
ENTRY POINT SYMBOL: "_c_int00_noargs"  address: 000015b5


MEMORY CONFIGURATION

         name            origin    length      used     unused   attr    fill
----------------------  --------  ---------  --------  --------  ----  --------
  MAIN                  00000000   00040000  000016d0  0003e930  R  X
  INFO                  00200000   00004000  00000000  00004000  R  X
  SRAM_CODE             01000000   00010000  00000239  0000fdc7  RW X
  SRAM_DATA             20000000   00010000  00000239  0000fdc7  RW  


SEGMENT ALLOCATION MAP

run origin  load origin   length   init length attrs members
----------  ----------- ---------- ----------- ----- -------
00000000    00000000    000016d0   000016d0    r-x
  00000000    00000000    000000e4   000000e4    r-- .intvecs
  000000e4    000000e4    00001544   00001544    r-x .text
  00001628    00001628    00000070   00000070    r-- .const
  00001698    00001698    00000038   00000038    r-- .cinit
20000000    20000000    00000039   00000000    rw-
  20000000    20000000    00000028   00000000    rw- .data
  20000028    20000028    00000011   00000000    rw- .bss
2000fe00    2000fe00    00000200   00000000    rw-
  2000fe00    2000fe00    00000200   00000000    rw- .stack


SECTION ALLOCATION MAP

 output                                  attributes/
section   page    origin      length       input sections
--------  ----  ----------  ----------   ----------------
.intvecs   0    00000000    000000e4     
                  00000000    000000e4     startup_msp432p401r_ccs.obj (.intvecs:retain)

.text      0    000000e4    00001544     
                  000000e4    000006c8     TExaS.obj (.text)
                  000007ac    0000040c     MotorSimple.obj (.text)
                  00000bb8    0000032c     system_msp432p401r.obj (.text)
                  00000ee4    000001e0     Clock.obj (.text)
                  000010c4    00000184     Reflectance.obj (.text)
                  00001248    000000f8     LaunchPad.obj (.text)
                  00001340    000000c0     LineFollowFSMmain.obj (.text)
                  00001400    0000009c     rtsv7M4_T_le_v4SPD16_eabi.lib : memcpy_t2.asm.obj (.text)
                  0000149c    0000006c     SysTick.obj (.text)
                  00001508    00000068     rtsv7M4_T_le_v4SPD16_eabi.lib : copy_decompress_lzss.c.obj (.text:decompress:lzss:__TI_decompress_lzss)
                  00001570    00000044                                   : autoinit.c.obj (.text:__TI_auto_init_nobinit_nopinit:__TI_auto_init_nobinit_nopinit)
                  000015b4    00000034                                   : boot_cortex_m.c.obj (.text:_c_int00_noargs:_c_int00_noargs)
                  000015e8    0000001c                                   : copy_zero_init.c.obj (.text:decompress:ZI:__TI_zero_init_nomemset:__TI_zero_init_nomemset)
                  00001604    0000000e                                   : copy_decompress_none.c.obj (.text:decompress:none:__TI_decompress_none)
                  00001612    0000000e     startup_msp432p401r_ccs.obj (.text)
                  00001620    00000004     rtsv7M4_T_le_v4SPD16_eabi.lib : pre_init.c.obj (.text:_system_pre_init)
                  00001624    00000004                                   : exit.c.obj (.text:abort:abort)

.const     0    00001628    00000070     
                  00001628    00000048     LineFollowFSMmain.obj (.const:fsm)
                  00001670    00000020     Reflectance.obj (.const:$P$T0$1)
                  00001690    00000008     Reflectance.obj (.const:.string:$P$T1$2)

.cinit     0    00001698    00000038     
                  00001698    0000000d     (.cinit..data.load) [load image, compression = lzss]
                  000016a5    00000003     --HOLE-- [fill = 0]
                  000016a8    0000000c     (__TI_handler_table)
                  000016b4    00000004     --HOLE-- [fill = 0]
                  000016b8    00000008     (.cinit..bss.load) [load image, compression = zero_init]
                  000016c0    00000010     (__TI_cinit_table)

.init_array 
*          0    00000000    00000000     UNINITIALIZED

.binit     0    00000000    00000000     

.data      0    20000000    00000028     UNINITIALIZED
                  20000000    00000018     Clock.obj (.data)
                  20000018    0000000c     TExaS.obj (.data)
                  20000024    00000004     system_msp432p401r.obj (.data)

.bss       0    20000028    00000011     UNINITIALIZED
                  20000028    00000004     (.common:Input)
                  2000002c    00000004     (.common:Output)
                  20000030    00000004     (.common:PeriodicTask2)
                  20000034    00000004     (.common:Spt)
                  20000038    00000001     (.common:LogicData)

.stack     0    2000fe00    00000200     UNINITIALIZED
                  2000fe00    00000004     rtsv7M4_T_le_v4SPD16_eabi.lib : boot_cortex_m.c.obj (.stack)
                  2000fe04    000001fc     --HOLE--

__llvm_prf_cnts 
*          0    20000000    00000000     UNINITIALIZED

MODULE SUMMARY

       Module                        code   ro data   rw data
       ------                        ----   -------   -------
    .\
       TExaS.obj                     1736   0         34     
       MotorSimple.obj               1036   0         0      
       system_msp432p401r.obj        812    0         8      
       Clock.obj                     480    0         48     
       Reflectance.obj               388    40        0      
       LineFollowFSMmain.obj         192    72        24     
       LaunchPad.obj                 248    0         0      
       startup_msp432p401r_ccs.obj   14     228       0      
       SysTick.obj                   108    0         0      
    +--+-----------------------------+------+---------+---------+
       Total:                        5014   340       114    
                                                             
    C:\ti\ccs1210\ccs\tools\compiler\ti-cgt-arm_20.2.7.LTS\lib\rtsv7M4_T_le_v4SPD16_eabi.lib
       memcpy_t2.asm.obj             156    0         0      
       copy_decompress_lzss.c.obj    104    0         0      
       autoinit.c.obj                68     0         0      
       boot_cortex_m.c.obj           52     0         0      
       copy_zero_init.c.obj          28     0         0      
       copy_decompress_none.c.obj    14     0         0      
       exit.c.obj                    4      0         0      
       pre_init.c.obj                4      0         0      
    +--+-----------------------------+------+---------+---------+
       Total:                        430    0         0      
                                                             
       Stack:                        0      0         1024   
       Linker Generated:             0      49        0      
    +--+-----------------------------+------+---------+---------+
       Grand Total:                  5444   389       1138   


LINKER GENERATED COPY TABLES

__TI_cinit_table @ 000016c0 records: 2, size/record: 8, table size: 16
	.data: load addr=00001698, load size=0000000d bytes, run addr=20000000, run size=00000028 bytes, compression=lzss
	.bss: load addr=000016b8, load size=00000008 bytes, run addr=20000028, run size=00000011 bytes, compression=zero_init


LINKER GENERATED HANDLER TABLE

__TI_handler_table @ 000016a8 records: 3, size/record: 4, table size: 12
	index: 0, handler: __TI_decompress_lzss
	index: 1, handler: __TI_decompress_none
	index: 2, handler: __TI_zero_init


GLOBAL SYMBOLS: SORTED ALPHABETICALLY BY Name 

address   name                                   
-------   ----                                   
0000161f  ADC14_IRQHandler                       
000004f1  ADC_Init                               
0000161f  AES256_IRQHandler                      
0000161f  BusFault_Handler                       
00001625  C$$EXIT                                
0000161f  COMP_E0_IRQHandler                     
0000161f  COMP_E1_IRQHandler                     
20000008  CPMwait                                
0000161f  CS_IRQHandler                          
20000000  ClockFrequency                         
00001039  Clock_Delay1ms                         
0000100f  Clock_Delay1us                         
00000ffb  Clock_GetFreq                          
00000ee5  Clock_Init48MHz                        
20000014  Crystalstable                          
0000161f  DMA_ERR_IRQHandler                     
0000161f  DMA_INT0_IRQHandler                    
0000161f  DMA_INT1_IRQHandler                    
0000161f  DMA_INT2_IRQHandler                    
0000161f  DMA_INT3_IRQHandler                    
0000161f  DebugMon_Handler                       
0000161f  Default_Handler                        
0000161f  EUSCIA0_IRQHandler                     
0000161f  EUSCIA1_IRQHandler                     
0000161f  EUSCIA2_IRQHandler                     
0000161f  EUSCIA3_IRQHandler                     
0000161f  EUSCIB0_IRQHandler                     
0000161f  EUSCIB1_IRQHandler                     
0000161f  EUSCIB2_IRQHandler                     
0000161f  EUSCIB3_IRQHandler                     
0000161f  FLCTL_IRQHandler                       
0000161f  FPU_IRQHandler                         
0000161f  HardFault_Handler                      
20000010  IFlags                                 
20000028  Input                                  
00001249  LaunchPad_Init                         
000012b9  LaunchPad_Input                        
000012d7  LaunchPad_LED                          
000012f5  LaunchPad_Output                       
000000e5  LogicAnalyzer                          
000000ef  LogicAnalyzer_P1                       
000001c5  LogicAnalyzer_P10                      
000000fd  LogicAnalyzer_P2                       
000001d3  LogicAnalyzer_P27_P26_P82_P92_P104_P105
0000010b  LogicAnalyzer_P2_7654                  
0000011b  LogicAnalyzer_P3                       
00000129  LogicAnalyzer_P4                       
00000147  LogicAnalyzer_P4_765320                
00000137  LogicAnalyzer_P4_765432                
0000017f  LogicAnalyzer_P5                       
0000020b  LogicAnalyzer_P55_P54_P27_P26_P37_P36  
0000018d  LogicAnalyzer_P6                       
0000019b  LogicAnalyzer_P7                       
000001a9  LogicAnalyzer_P8                       
000001b7  LogicAnalyzer_P9                       
20000038  LogicData                              
0000161f  MemManage_Handler                      
00000a03  Motor_BackwardSimple                   
0000097d  Motor_ForwardSimple                    
000008dd  Motor_InitSimple                       
00000a7f  Motor_LeftSimple                       
00000afb  Motor_RightSimple                      
0000095d  Motor_StopSimple                       
0000161f  NMI_Handler                            
2000002c  Output                                 
0000161f  PCM_IRQHandler                         
0000161f  PORT1_IRQHandler                       
0000161f  PORT2_IRQHandler                       
0000161f  PORT3_IRQHandler                       
0000161f  PORT4_IRQHandler                       
0000161f  PORT5_IRQHandler                       
0000161f  PORT6_IRQHandler                       
0000161f  PSS_IRQHandler                         
000007ad  Pause                                  
0000161f  PendSV_Handler                         
20000030  PeriodicTask2                          
000002b9  PeriodicTask2_Init                     
00000333  PeriodicTask2_Stop                     
2000000c  Postwait                               
20000004  Prewait                                
0000161f  RTC_C_IRQHandler                       
000010c5  Reflectance_Init                       
0000118b  Reflectance_Position                   
0000112b  Reflectance_Read                       
00001613  Reset_Handler                          
0000161f  SVC_Handler                            
00000235  Scope                                  
20000034  Spt                                    
0000161f  SysTick_Handler                        
0000149d  SysTick_Init                           
000014ad  SysTick_Wait                           
000014d3  SysTick_Wait10ms                       
20000024  SystemCoreClock                        
00000bb9  SystemCoreClockUpdate                  
00000e2d  SystemInit                             
00000323  T32_INT1_IRQHandler                    
00000323  T32_INT1_IRQHandler                    
0000161f  T32_INT2_IRQHandler                    
0000161f  T32_INTC_IRQHandler                    
0000161f  TA0_0_IRQHandler                       
0000161f  TA0_N_IRQHandler                       
0000161f  TA1_0_IRQHandler                       
0000161f  TA1_N_IRQHandler                       
0000161f  TA2_0_IRQHandler                       
0000161f  TA2_N_IRQHandler                       
0000161f  TA3_0_IRQHandler                       
0000161f  TA3_N_IRQHandler                       
00000485  TExaS_Clear0                           
00000491  TExaS_Clear1                           
000004a5  TExaS_Clear2                           
000004b1  TExaS_Clear3                           
000004bd  TExaS_Clear4                           
000004bf  TExaS_Clear5                           
000004cb  TExaS_Clear6                           
000005b5  TExaS_Init                             
2000001c  TExaS_ScopeErrConflict                 
20000018  TExaS_ScopeErrLostData                 
20000020  TExaS_ScopeWrnReconfig                 
00000413  TExaS_Set                              
0000042b  TExaS_Set0                             
00000437  TExaS_Set1                             
00000443  TExaS_Set2                             
0000044f  TExaS_Set3                             
0000045b  TExaS_Set4                             
0000045d  TExaS_Set5                             
00000475  TExaS_Set6                             
00000741  TExaS_Stop                             
000003c9  TExaS_Task0                            
000003d5  TExaS_Task1                            
000003e1  TExaS_Task2                            
000003ed  TExaS_Task3                            
000003f9  TExaS_Task4                            
000003fb  TExaS_Task5                            
00000407  TExaS_Task6                            
0000039d  UART_InChar                            
00000343  UART_Init                              
000003ad  UART_OutChar                           
0000161f  UsageFault_Handler                     
4000480c  WDTCTL_SYM                             
0000161f  WDT_A_IRQHandler                       
20010000  __STACK_END                            
00000200  __STACK_SIZE                           
000016c0  __TI_CINIT_Base                        
000016d0  __TI_CINIT_Limit                       
000016a8  __TI_Handler_Table_Base                
000016b4  __TI_Handler_Table_Limit               
00001571  __TI_auto_init_nobinit_nopinit         
00001509  __TI_decompress_lzss                   
00001605  __TI_decompress_none                   
ffffffff  __TI_pprof_out_hndl                    
ffffffff  __TI_prof_data_size                    
ffffffff  __TI_prof_data_start                   
00000000  __TI_static_base__                     
000015e9  __TI_zero_init_nomemset                
00001401  __aeabi_memcpy                         
00001401  __aeabi_memcpy4                        
00001401  __aeabi_memcpy8                        
ffffffff  __binit__                              
ffffffff  __c_args__                             
UNDEFED   __mpu_init                             
2000fe00  __stack                                
20000000  __start___llvm_prf_cnts                
20000000  __stop___llvm_prf_cnts                 
000015b5  _c_int00_noargs                        
UNDEFED   _system_post_cinit                     
00001621  _system_pre_init                       
00001625  abort                                  
ffffffff  binit                                  
000007c1  chachaSlide                            
00001001  delay                                  
00001628  fsm                                    
00000000  interruptVectors                       
00001341  main                                   
00001401  memcpy                                 


GLOBAL SYMBOLS: SORTED BY Symbol Address 

address   name                                   
-------   ----                                   
00000000  __TI_static_base__                     
00000000  interruptVectors                       
000000e5  LogicAnalyzer                          
000000ef  LogicAnalyzer_P1                       
000000fd  LogicAnalyzer_P2                       
0000010b  LogicAnalyzer_P2_7654                  
0000011b  LogicAnalyzer_P3                       
00000129  LogicAnalyzer_P4                       
00000137  LogicAnalyzer_P4_765432                
00000147  LogicAnalyzer_P4_765320                
0000017f  LogicAnalyzer_P5                       
0000018d  LogicAnalyzer_P6                       
0000019b  LogicAnalyzer_P7                       
000001a9  LogicAnalyzer_P8                       
000001b7  LogicAnalyzer_P9                       
000001c5  LogicAnalyzer_P10                      
000001d3  LogicAnalyzer_P27_P26_P82_P92_P104_P105
00000200  __STACK_SIZE                           
0000020b  LogicAnalyzer_P55_P54_P27_P26_P37_P36  
00000235  Scope                                  
000002b9  PeriodicTask2_Init                     
00000323  T32_INT1_IRQHandler                    
00000323  T32_INT1_IRQHandler                    
00000333  PeriodicTask2_Stop                     
00000343  UART_Init                              
0000039d  UART_InChar                            
000003ad  UART_OutChar                           
000003c9  TExaS_Task0                            
000003d5  TExaS_Task1                            
000003e1  TExaS_Task2                            
000003ed  TExaS_Task3                            
000003f9  TExaS_Task4                            
000003fb  TExaS_Task5                            
00000407  TExaS_Task6                            
00000413  TExaS_Set                              
0000042b  TExaS_Set0                             
00000437  TExaS_Set1                             
00000443  TExaS_Set2                             
0000044f  TExaS_Set3                             
0000045b  TExaS_Set4                             
0000045d  TExaS_Set5                             
00000475  TExaS_Set6                             
00000485  TExaS_Clear0                           
00000491  TExaS_Clear1                           
000004a5  TExaS_Clear2                           
000004b1  TExaS_Clear3                           
000004bd  TExaS_Clear4                           
000004bf  TExaS_Clear5                           
000004cb  TExaS_Clear6                           
000004f1  ADC_Init                               
000005b5  TExaS_Init                             
00000741  TExaS_Stop                             
000007ad  Pause                                  
000007c1  chachaSlide                            
000008dd  Motor_InitSimple                       
0000095d  Motor_StopSimple                       
0000097d  Motor_ForwardSimple                    
00000a03  Motor_BackwardSimple                   
00000a7f  Motor_LeftSimple                       
00000afb  Motor_RightSimple                      
00000bb9  SystemCoreClockUpdate                  
00000e2d  SystemInit                             
00000ee5  Clock_Init48MHz                        
00000ffb  Clock_GetFreq                          
00001001  delay                                  
0000100f  Clock_Delay1us                         
00001039  Clock_Delay1ms                         
000010c5  Reflectance_Init                       
0000112b  Reflectance_Read                       
0000118b  Reflectance_Position                   
00001249  LaunchPad_Init                         
000012b9  LaunchPad_Input                        
000012d7  LaunchPad_LED                          
000012f5  LaunchPad_Output                       
00001341  main                                   
00001401  __aeabi_memcpy                         
00001401  __aeabi_memcpy4                        
00001401  __aeabi_memcpy8                        
00001401  memcpy                                 
0000149d  SysTick_Init                           
000014ad  SysTick_Wait                           
000014d3  SysTick_Wait10ms                       
00001509  __TI_decompress_lzss                   
00001571  __TI_auto_init_nobinit_nopinit         
000015b5  _c_int00_noargs                        
000015e9  __TI_zero_init_nomemset                
00001605  __TI_decompress_none                   
00001613  Reset_Handler                          
0000161f  ADC14_IRQHandler                       
0000161f  AES256_IRQHandler                      
0000161f  BusFault_Handler                       
0000161f  COMP_E0_IRQHandler                     
0000161f  COMP_E1_IRQHandler                     
0000161f  CS_IRQHandler                          
0000161f  DMA_ERR_IRQHandler                     
0000161f  DMA_INT0_IRQHandler                    
0000161f  DMA_INT1_IRQHandler                    
0000161f  DMA_INT2_IRQHandler                    
0000161f  DMA_INT3_IRQHandler                    
0000161f  DebugMon_Handler                       
0000161f  Default_Handler                        
0000161f  EUSCIA0_IRQHandler                     
0000161f  EUSCIA1_IRQHandler                     
0000161f  EUSCIA2_IRQHandler                     
0000161f  EUSCIA3_IRQHandler                     
0000161f  EUSCIB0_IRQHandler                     
0000161f  EUSCIB1_IRQHandler                     
0000161f  EUSCIB2_IRQHandler                     
0000161f  EUSCIB3_IRQHandler                     
0000161f  FLCTL_IRQHandler                       
0000161f  FPU_IRQHandler                         
0000161f  HardFault_Handler                      
0000161f  MemManage_Handler                      
0000161f  NMI_Handler                            
0000161f  PCM_IRQHandler                         
0000161f  PORT1_IRQHandler                       
0000161f  PORT2_IRQHandler                       
0000161f  PORT3_IRQHandler                       
0000161f  PORT4_IRQHandler                       
0000161f  PORT5_IRQHandler                       
0000161f  PORT6_IRQHandler                       
0000161f  PSS_IRQHandler                         
0000161f  PendSV_Handler                         
0000161f  RTC_C_IRQHandler                       
0000161f  SVC_Handler                            
0000161f  SysTick_Handler                        
0000161f  T32_INT2_IRQHandler                    
0000161f  T32_INTC_IRQHandler                    
0000161f  TA0_0_IRQHandler                       
0000161f  TA0_N_IRQHandler                       
0000161f  TA1_0_IRQHandler                       
0000161f  TA1_N_IRQHandler                       
0000161f  TA2_0_IRQHandler                       
0000161f  TA2_N_IRQHandler                       
0000161f  TA3_0_IRQHandler                       
0000161f  TA3_N_IRQHandler                       
0000161f  UsageFault_Handler                     
0000161f  WDT_A_IRQHandler                       
00001621  _system_pre_init                       
00001625  C$$EXIT                                
00001625  abort                                  
00001628  fsm                                    
000016a8  __TI_Handler_Table_Base                
000016b4  __TI_Handler_Table_Limit               
000016c0  __TI_CINIT_Base                        
000016d0  __TI_CINIT_Limit                       
20000000  ClockFrequency                         
20000000  __start___llvm_prf_cnts                
20000000  __stop___llvm_prf_cnts                 
20000004  Prewait                                
20000008  CPMwait                                
2000000c  Postwait                               
20000010  IFlags                                 
20000014  Crystalstable                          
20000018  TExaS_ScopeErrLostData                 
2000001c  TExaS_ScopeErrConflict                 
20000020  TExaS_ScopeWrnReconfig                 
20000024  SystemCoreClock                        
20000028  Input                                  
2000002c  Output                                 
20000030  PeriodicTask2                          
20000034  Spt                                    
20000038  LogicData                              
2000fe00  __stack                                
20010000  __STACK_END                            
4000480c  WDTCTL_SYM                             
ffffffff  __TI_pprof_out_hndl                    
ffffffff  __TI_prof_data_size                    
ffffffff  __TI_prof_data_start                   
ffffffff  __binit__                              
ffffffff  __c_args__                             
ffffffff  binit                                  
UNDEFED   __mpu_init                             
UNDEFED   _system_post_cinit                     

[174 symbols]
